stage                                 n       p50       p95       p99       max  (ms)
ce.claim_ms                         192   197.102   317.816   441.513   547.995
ce.gate_ms                          181    20.821    35.974    46.704    50.761
ce.rerank_ms                        212   245.458   367.412   514.943  1446.806
controller.decision_ms              330     0.474     1.414     1.919     5.527
engine.answer_telemetry_ms           90     0.049     0.089     0.125     0.143
engine.final_decision_ms             90     0.508     1.012     2.415     5.805
engine.post_speech_ms                90     2.301   181.604   521.983  2135.692
engine.retrieval_wait_ms             90     0.224   179.882   519.800  2128.770
engine.synthesis_ms                  90     1.251     2.241     2.680     2.753
reader.gate_ms                      181   260.463   385.174   446.667   536.270
retrieval.bm25_ms                   212     3.760     8.538    12.103    18.160
retrieval.dense_topk_ms             212     0.622     1.200     2.128    16.204
retrieval.e5_encode_ms              212    19.180    42.347    50.316   198.646
retrieval.rrf_ms                    212     0.066     0.130     0.174     0.337
retrieval.search.other_ms           212   289.748   419.237   596.986  1941.072
retrieval.subquery_ms               212   290.853   424.257   606.993  1942.302
synthesis.claim_select_ms           192   200.257   321.829   445.421   552.335
synthesis.gate_ms                   181   281.685   407.239   503.720  1805.583
synthesis.grounding_ms               75     0.393     0.983     1.248     1.723
synthesis.prefetch_ms               212   468.770   710.017   954.979  1924.018
cold start (first scenario, excluded): 20.4 s
