stage                                 n       p50       p95       p99       max  (ms)
ce.claim_ms                         192    96.043   222.033   269.911   305.400
ce.gate_ms                          181     8.952    24.723    33.855    40.035
ce.rerank_ms                        212   118.091   235.662   339.427   383.854
controller.decision_ms              330     0.396     1.540     2.178     2.943
engine.answer_telemetry_ms           90     0.042     0.087     0.137     0.286
engine.final_decision_ms             90     0.449     1.160     2.088     3.053
engine.post_speech_ms                90     1.850    66.307   207.249   341.962
engine.retrieval_wait_ms             90     0.197    64.513   203.870   339.915
engine.synthesis_ms                  90     1.086     2.342     2.835     3.810
reader.other_ms                     187   115.991   305.335   441.353   519.321
retrieval.bm25_ms                   212     2.872     7.099     9.986    16.248
retrieval.dense_topk_ms             212     0.354     0.885     1.805     2.830
retrieval.e5_encode_ms              212    12.020    24.345    31.128    37.245
retrieval.rrf_ms                    212     0.033     0.060     0.112     0.146
retrieval.search.other_ms           212   138.932   269.492   370.362   419.066
retrieval.subquery_ms               212   139.442   274.412   372.492   419.960
synthesis.claim_select_ms           192    97.197   226.275   277.133   309.457
synthesis.gate_ms                   181     9.099    25.206    34.455    40.878
synthesis.grounding_ms               75     0.318     0.976     1.477     2.113
synthesis.prefetch_ms               212   213.667   546.893   692.794   761.598
cold start (first scenario, excluded): 12.3 s
