stage                                 n       p50       p95       p99       max  (ms)
ce.claim_ms                         192   165.631   393.193   447.622   492.946
ce.gate_ms                          181    13.638    37.223    42.624    52.493
ce.rerank_ms                        212   125.643   209.225   294.312   310.962
controller.decision_ms              330     0.275     1.493     2.129     6.336
engine.answer_telemetry_ms           90     0.028     0.093     0.154     0.158
engine.final_decision_ms             90     0.296     1.280     2.391     6.562
engine.post_speech_ms                90     1.246     4.860   179.263   453.722
engine.retrieval_wait_ms             90     0.140     0.598   177.856   446.064
engine.synthesis_ms                  90     0.693     2.670     3.051     3.248
reader.other_ms                     187   183.938   396.732   474.475   606.278
retrieval.bm25_ms                   212     2.351     7.186     9.674    11.464
retrieval.dense_topk_ms             212     0.342     0.574     0.874     5.734
retrieval.e5_encode_ms              212    10.718    22.653    31.938   106.573
retrieval.rrf_ms                    212     0.030     0.047     0.055     0.075
retrieval.search.other_ms           212   149.338   239.045   319.280   352.245
retrieval.subquery_ms               212   150.273   241.253   319.891   353.086
synthesis.claim_select_ms           192   169.702   395.345   450.286   510.411
synthesis.gate_ms                   181    28.872   106.497   139.840   179.481
synthesis.grounding_ms               75     0.238     1.058     1.578     1.629
synthesis.prefetch_ms               212   188.287   416.835   480.821  1602.940
cold start (first scenario, excluded): 37.3 s
